Phase 4 baseline results (clean HEAD 5f8f5386ab6dea4b084c7e00597ee34d533728c6; before Phase 4 files were created)

$ git status --short
[no output]
$ git rev-parse HEAD
5f8f5386ab6dea4b084c7e00597ee34d533728c6
$ git rev-parse origin/ai-molecular-assistant-foundation
5f8f5386ab6dea4b084c7e00597ee34d533728c6

$ python -m compileall src tests tools packaging
[exit 0]

$ pytest --collect-only -q
1910 tests collected in 0.82s
[exit 0]

$ timeout 300s pytest -q tests/test_molecular_assistant.py tests/test_molecular_assistant_ui.py tests/architecture/test_molecular_assistant_ui_boundary.py tests/architecture/test_molecular_assistant_boundary.py
ss...................................................................... [ 82%]
...............                                                          [100%]
85 passed, 2 skipped in 4.85s
[exit 0]

$ ruff check src tests tools packaging --select F401,F811,F821,E722,E741
F401 [*] `math` imported but unused
 --> tests/test_clean2d_para_disubstituted_aromatic_layout_v1.py:3:8
  |
1 | from __future__ import annotations
2 |
3 | import math
  |        ^^^^
4 |
5 | from chemuson.clean2d import (
  |
help: Remove unused import: `math`

Found 1 error.
[*] 1 fixable with the --fix option.
[exit 1]

$ pytest -q
[NOT RUN: prior full baseline is 19:26 and has one pre-existing CompChem failure; exceeds the requested time ceiling.]
